// Jest Snapshot v1, https://goo.gl/fbAQLP

exports[`testing application is initial state equals 0 1`] = `[Function]`;
